Archive member included because of file (symbol)

lib_arm/libarm.a(board.o)     cpu/arm1136/start.o (start_armboot)
lib_arm/libarm.a(interrupts.o)
                              lib_arm/libarm.a(board.o) (enable_interrupts)
net/libnet.a(eth.o)           lib_arm/libarm.a(board.o) (eth_initialize)
net/libnet.a(net.o)           lib_arm/libarm.a(board.o) (copy_filename)
net/libnet.a(nfs.o)           net/libnet.a(net.o) (NfsStart)
net/libnet.a(rarp.o)          net/libnet.a(net.o) (RarpRequest)
net/libnet.a(tftp.o)          net/libnet.a(net.o) (TftpStart)
net/libnet.a(bootp.o)         net/libnet.a(net.o) (BootpRequest)
drivers/mmc/libmmc.a(mmc.o)   lib_arm/libarm.a(board.o) (mmc_initialize)
drivers/pci/libpci.a(pci.o)   lib_arm/libarm.a(board.o) (pci_init)
drivers/pci/libpci.a(pci_auto.o)
                              drivers/pci/libpci.a(pci.o) (pciauto_config_init)
common/libcommon.a(cmd_bdinfo.o)
                              (__u_boot_cmd_bdinfo)
common/libcommon.a(cmd_boot.o)
                              (__u_boot_cmd_go)
common/libcommon.a(cmd_bootm.o)
                              lib_arm/libarm.a(board.o) (load_addr)
common/libcommon.a(cmd_console.o)
                              (__u_boot_cmd_coninfo)
common/libcommon.a(cmd_date.o)
                              (__u_boot_cmd_date)
common/libcommon.a(cmd_eeprom.o)
                              (__u_boot_cmd_eeprom)
common/libcommon.a(cmd_elf.o)
                              common/libcommon.a(cmd_bootm.o) (do_bootvx)
common/libcommon.a(cmd_ext2.o)
                              (__u_boot_cmd_ext2ls)
common/libcommon.a(cmd_fat.o)
                              (__u_boot_cmd_fatload)
common/libcommon.a(cmd_i2c.o)
                              (__u_boot_cmd_i2c)
common/libcommon.a(cmd_itest.o)
                              (__u_boot_cmd_itest)
common/libcommon.a(cmd_jffs2.o)
                              (__u_boot_cmd_fsload)
common/libcommon.a(cmd_load.o)
                              (__u_boot_cmd_loads)
common/libcommon.a(cmd_mem.o)
                              (__u_boot_cmd_md)
common/libcommon.a(cmd_misc.o)
                              (__u_boot_cmd_sleep)
common/libcommon.a(cmd_mmc.o)
                              (__u_boot_cmd_mmcinfo)
common/libcommon.a(cmd_mtdparts.o)
                              common/libcommon.a(cmd_jffs2.o) (mtdparts_init)
common/libcommon.a(cmd_net.o)
                              (__u_boot_cmd_bootp)
common/libcommon.a(cmd_nvedit.o)
                              net/libnet.a(eth.o) (get_env_id)
common/libcommon.a(cmd_pci.o)
                              (__u_boot_cmd_pci)
common/libcommon.a(cmd_sf.o)  (__u_boot_cmd_sf)
common/libcommon.a(cmd_source.o)
                              (__u_boot_cmd_source)
common/libcommon.a(cmd_spi.o)
                              (__u_boot_cmd_sspi)
common/libcommon.a(cmd_ubi.o)
                              (__u_boot_cmd_ubi)
common/libcommon.a(cmd_ubifs.o)
                              (__u_boot_cmd_ubifsmount)
common/libcommon.a(cmd_usb.o)
                              (__u_boot_cmd_usb)
common/libcommon.a(cmd_ximg.o)
                              (__u_boot_cmd_imxtract)
common/libcommon.a(command.o)
                              common/libcommon.a(cmd_i2c.o) (cmd_get_data_size)
common/libcommon.a(console.o)
                              lib_arm/libarm.a(board.o) (printf)
common/libcommon.a(dlmalloc.o)
                              drivers/mmc/libmmc.a(mmc.o) (free)
common/libcommon.a(env_common.o)
                              common/libcommon.a(cmd_nvedit.o) (env_get_addr)
common/libcommon.a(env_sf.o)  common/libcommon.a(env_common.o) (env_get_char_spec)
common/libcommon.a(exports.o)
                              lib_arm/libarm.a(board.o) (jumptable_init)
common/libcommon.a(hush.o)    common/libcommon.a(cmd_bootm.o) (parse_string_outer)
common/libcommon.a(image.o)   common/libcommon.a(cmd_ximg.o) (image_multi_count)
common/libcommon.a(main.o)    common/libcommon.a(cmd_nvedit.o) (do_run)
common/libcommon.a(s_record.o)
                              common/libcommon.a(cmd_load.o) (srec_decode)
common/libcommon.a(stdio.o)   common/libcommon.a(cmd_console.o) (stdio_get_list)
common/libcommon.a(usb.o)     common/libcommon.a(cmd_usb.o) (usb_get_dev_index)
common/libcommon.a(usb_storage.o)
                              common/libcommon.a(cmd_usb.o) (usb_stor_get_dev)
common/libcommon.a(xyzModem.o)
                              common/libcommon.a(cmd_load.o) (xyzModem_error)
board/marvell/config_dove/libconfig_dove.a(platform.o)
                              cpu/arm1136/start.o (lowlevel_init)
board/marvell/config_dove/libconfig_dove.a(mv_main.o)
                              lib_arm/libarm.a(interrupts.o) (reset_cpu)
board/marvell/config_dove/libconfig_dove.a(mv_cmd.o)
                              (__u_boot_cmd_bubt)
board/marvell/config_dove/libconfig_dove.a(mv_dram.o)
                              lib_arm/libarm.a(board.o) (dram_init)
board/marvell/config_dove/libconfig_dove.a(mv_service.o)
[...]
Memory Configuration

Name             Origin             Length             Attributes
*default*        0x00000000         0xffffffff

Linker script and memory map

                0x00600000                . = _start

.text           0x00600000    0x7772c
 cpu/arm1136/start.o(.text)
 .text          0x00600000      0x420 cpu/arm1136/start.o
                0x006000f4                _dcache_index_max
                0x00600040                _end_vect
                0x006000f8                _dcache_index_inc
                0x00600400                arm1136_cache_flush
                0x00600100                _dcache_set_index
                0x00600048                _bss_start
                0x0060004c                _bss_end
                0x00600044                _armboot_start
                0x00600000                _start
                0x00600104                cpu_dcache_flush_all
                0x00600140                cpu_icache_flush_invalidate_all
                0x00600040                _TEXT_BASE
                0x006000fc                _dcache_set_max
 *(.text)
 .text          0x00600420        0x0 board/marvell/USP/jump.o
 .text          0x00600420      0x380 lib_arm/libarm.a(board.o)
                0x00600470                __yellow_LED_off
                0x0060047c                hang
                0x00600464                __green_LED_on
                0x0060046c                __yellow_LED_on
                0x00600468                __green_LED_off
                0x00600460                __red_LED_off
                0x006005f4                start_armboot
                0x00600478                __blue_LED_off
                0x00600420                sbrk
                0x00600458                __coloured_LED_init
                0x00600474                __blue_LED_on
                0x0060045c                __red_LED_on
 .text          0x006007a0      0x2ac lib_arm/libarm.a(interrupts.o)
                0x00600944                do_fiq
                0x00600a20                do_undefined_instruction
                0x006007ac                show_regs
                0x00600918                do_irq
                0x006008f4                bad_mode
                0x006009c8                do_prefetch_abort
                0x006007a4                disable_interrupts
                0x00600970                do_not_used
                0x0060099c                do_data_abort
                0x006009f4                do_software_interrupt
                0x006007a0                enable_interrupts
 .text          0x00600a4c      0x7dc net/libnet.a(eth.o)
                0x00600bc0                eth_get_dev_by_name
                0x00600af4                eth_halt
                0x00600a4c                cpu_eth_init
                0x00600d74                eth_register
                0x00600eb0                eth_getenv_enetaddr
                0x00600a54                eth_get_dev
                0x00600e44                eth_parse_enetaddr
                0x00600cc4                eth_try_another
                0x00600f10                eth_getenv_enetaddr_by_index
                0x00601034                eth_initialize
                0x00600c1c                eth_set_current
                0x00600b6c                eth_rx
                0x00600aa8                eth_get_dev_index
                0x00600f64                eth_init
                0x00600e04                eth_setenv_enetaddr
                0x00600ba0                eth_get_name
                0x00600a64                eth_get_dev_by_index
                0x00600b30                eth_send
 .text          0x00601228     0x14cc net/libnet.a(net.o)
                0x0060142c                getenv_IPaddr
                0x006012d0                NetCksumOk
                0x00601568                NetSetTimeout
                0x006012fc                copy_filename
                0x00601444                NetEthHdrSize
                0x006014f0                ip_to_string
                0x00602250                ArpTimeoutCheck
                0x006017f8                NetReceive
                0x006013b4                string_to_ip
                0x00601ff0                NetSendUDPPacket
                0x006015a0                NetSetEther
                0x006022cc                NetLoop
                0x00601db0                ArpRequest
                0x00601544                random_port
                0x00601490                VLAN_to_string
                0x0060139c                getenv_VLAN
                0x0060128c                NetCksum
                0x00601664                NetSetIP
                0x0060134c                string_to_VLAN
                0x00602160                NetStartAgain
                0x0060127c                NetSetHandler
                0x00601ea8                PingSend
                0x006017f4                NetSendPacket
 .text          0x006026f4      0xdc4 net/libnet.a(nfs.o)
                0x00602d1c                NfsStart
 .text          0x006034b8      0x1c0 net/libnet.a(rarp.o)
                0x006034b8                RarpRequest
 .text          0x00603678      0x748 net/libnet.a(tftp.o)
                0x0060382c                TftpStart
 .text          0x00603dc0      0x9d8 net/libnet.a(bootp.o)
                0x006043c8                DhcpRequest
                0x006041f0                BootpRequest
 .text          0x00604798     0x1260 drivers/mmc/libmmc.a(mmc.o)
                0x00604bd8                cpu_mmc_init
                0x0060488c                mmc_send_ext_csd
                0x00604a28                sd_switch
                0x006050cc                mmc_startup
                0x00604be0                print_mmc_devices
                0x006047dc                mmc_set_blocklen
                0x006047c4                mmc_send_cmd
                0x00604ab4                mmc_set_clock
                0x00605814                mmc_init
                0x0060481c                mmc_read_block
                0x00605768                mmc_send_op_cond
                0x00604b60                mmc_register
                0x00604cfc                mmc_get_dev
                0x0060560c                sd_send_op_cond
                0x006048e4                mmc_switch
                0x00604a9c                mmc_set_ios
                0x00604930                mmc_change_freq
                0x006058a4                mmc_read
                0x00604ad4                mmc_set_bus_width
                0x00604ca4                find_mmc_device
                0x0060570c                mmc_go_idle
                0x00604adc                mmc_send_if_cond
                0x00604f08                sd_change_freq
                0x00604c50                mmc_initialize
 .text          0x006059f8      0xcb8 drivers/pci/libpci.a(pci.o)
                0x00606038                pci_cfgfunc_config_device
                0x0060607c                pci_hose_scan_bus
                0x006062b0                pci_hose_phys_to_bus
                0x00606060                pci_cfgfunc_do_nothing
                0x00605a28                pci_hose_read_config_dword
                0x00605a88                pci_hose_read_config_byte_via_dword
                0x00605d98                pci_hose_config_device
                0x00605f8c                pci_find_config
                0x00605a58                pci_hose_write_config_word
                0x0060645c                pci_read_config_dword
                0x00606230                pci_hose_bus_to_phys
                0x00605c84                __pci_hose_phys_to_bus
                0x00605b28                pci_hose_write_config_byte_via_dword
                0x00605ad8                pci_hose_read_config_word_via_dword
                0x00605d08                __pci_hose_bus_to_phys
                0x00606078                pci_init
                0x006064f0                pci_read_config_word
                0x006061fc                pci_hose_scan
                0x00606694                pci_find_device
                0x00605ba8                pci_hose_write_config_word_via_dword
                0x0060658c                pci_find_devices
                0x00605c2c                pci_register_hose
                0x00606330                pci_bus_to_hose
                0x00606064                __pci_skip_dev
                0x00606064                pci_skip_dev
                0x00605c54                pci_last_busno
                0x00606414                pci_write_config_byte
                0x00605a70                pci_hose_write_config_dword
                0x006064a8                pci_map_bar
                0x00605a10                pci_hose_read_config_word
                0x00606540                pci_read_config_byte
                0x00605a40                pci_hose_write_config_byte
                0x006063cc                pci_write_config_word
                0x00606384                pci_write_config_dword
                0x006059f8                pci_hose_read_config_byte
 .text          0x006066b0      0x76c drivers/pci/libpci.a(pci_auto.o)
                0x006066b0                pciauto_region_init
                0x00606868                pciauto_postscan_setup_bridge
                0x00606950                pciauto_prescan_setup_bridge
                0x00606744                pciauto_config_init
                0x006066e0                pciauto_region_allocate
                0x00606ae4                pciauto_setup_device
                0x006066c4                pciauto_region_align
                0x00606cc0                pciauto_config_device
 .text          0x00606e1c      0x108 common/libcommon.a(cmd_bdinfo.o)
                0x00606e30                do_bdinfo
 .text          0x00606f24       0xa0 common/libcommon.a(cmd_boot.o)
                0x00606f44                do_go
                0x00606f24                do_go_exec
 .text          0x00606fc4      0xedc common/libcommon.a(cmd_bootm.o)
                0x00606ff0                arch_lmb_reserve
                0x00607474                do_bootd
                0x00606ff0                __arch_lmb_reserve
                0x00607bbc                do_bootm
                0x006079d4                do_bootm_subcommand
                0x00606fec                board_lmb_reserve
                0x00606fec                __board_lmb_reserve
                0x0060740c                do_iminfo
 .text          0x00607ea0       0xd0 common/libcommon.a(cmd_console.o)
                0x00607ea0                do_coninfo
 .text          0x00607f70      0x37c common/libcommon.a(cmd_date.o)
                0x0060818c                do_date
                0x00607fb4                mk_date
 .text          0x006082ec      0x258 common/libcommon.a(cmd_eeprom.o)
                0x00608404                do_eeprom
                0x006082fc                eeprom_write
                0x00608380                eeprom_read
                0x006082ec                eeprom_init
                0x006082f0                eeprom_probe
 .text          0x00608544      0x468 common/libcommon.a(cmd_elf.o)
                0x0060890c                do_bootelf
                0x00608644                do_bootvx
                0x006085e4                valid_elf_image
                0x006088c0                do_bootelf_exec
                0x00608544                load_elf_image
 .text          0x006089ac      0x4a0 common/libcommon.a(cmd_ext2.o)
                0x00608d00                do_ext2ls
                0x006089ac                do_ext2load
 .text          0x00608e4c      0x3a0 common/libcommon.a(cmd_fat.o)
                0x00609050                do_fat_fsload
                0x00608e4c                do_fat_fsinfo
                0x00608f38                do_fat_ls
 .text          0x006091ec      0xbe0 common/libcommon.a(cmd_i2c.o)
                0x00609b78                do_i2c
                0x0060920c                __def_i2c_get_bus_speed
                0x00609218                __def_i2c_set_bus_speed
                0x00609a20                do_i2c_crc
                0x0060966c                do_i2c_mw
                0x006094d8                do_i2c_bus_num
                0x006097a0                do_i2c_probe
                0x00609230                do_i2c_bus_speed
                0x006097f8                do_i2c_md
                0x00609554                do_i2c_loop
 .text          0x00609dcc      0x2f4 common/libcommon.a(cmd_itest.o)
                0x00609e3c                binary_test
                0x0060a024                do_itest
 .text          0x0060a0c0      0x2d8 common/libcommon.a(cmd_jffs2.o)
                0x0060a174                do_jffs2_fsinfo
                0x0060a1e0                do_jffs2_ls
                0x0060a248                do_jffs2_fsload
 .text          0x0060a398      0xd5c common/libcommon.a(cmd_load.o)
                0x0060a420                k_data_init
                0x0060a520                s1_sendpacket
                0x0060a550                handle_send_packet
                0x0060a46c                k_data_restore
                0x0060a708                send_nack
                0x0060a800                do_load_serial_bin
                0x0060a490                k_data_char
                0x0060a3b8                chk1
                0x0060a448                k_data_save
                0x0060a398                ktrans
                0x0060a4e8                send_pad
                0x0060a770                send_ack
                0x0060ad58                do_load_serial
 .text          0x0060b0f4      0x984 common/libcommon.a(cmd_mem.o)
                0x0060b1ac                do_mem_base
                0x0060b700                do_mem_mw
                0x0060b0f4                do_mem_crc
                0x0060b92c                do_mem_nm
                0x0060b95c                do_mem_mm
                0x0060b484                do_mem_cp
                0x0060b1f8                do_mem_mtest
                0x0060b560                do_mem_cmp
                0x0060b390                do_mem_loop
                0x0060b98c                do_mem_md
 .text          0x0060ba78       0x8c common/libcommon.a(cmd_misc.o)
                0x0060ba78                do_sleep
 .text          0x0060bb04      0x3fc common/libcommon.a(cmd_mmc.o)
                0x0060bc6c                do_mmcops
                0x0060bb04                do_mmcinfo
 .text          0x0060bf00     0x22fc common/libcommon.a(cmd_mtdparts.o)
                0x0060d26c                mtd_id_parse
                0x0060d54c                mtdparts_init
                0x0060dc18                do_mtdparts
                0x0060d388                find_dev_and_part
                0x0060db44                do_chpart
                0x0060c594                mtd_device_validate
 .text          0x0060e1fc      0x3dc common/libcommon.a(cmd_net.o)
                0x0060e5b4                do_rarpb
                0x0060e1fc                do_ping
                0x0060e5c0                do_tftpb
                0x0060e5a8                do_dhcp
                0x0060e5cc                do_bootp
                0x0060e59c                do_nfs
 .text          0x0060e5d8      0x880 common/libcommon.a(cmd_nvedit.o)
                0x0060e734                getenv
                0x0060e7a4                _do_setenv
                0x0060e650                getenv_r
                0x0060edbc                do_printenv
                0x0060ec7c                setenv
                0x0060e5d8                get_env_id
                0x0060e700                do_saveenv
                0x0060ec48                do_setenv
                0x0060e5e8                envmatch
 .text          0x0060ee58     0x1188 common/libcommon.a(cmd_pci.o)
                0x0060ef8c                pci_header_show
                0x0060f918                pciinfo
                0x0060fbd0                do_pci
                0x0060f898                pci_header_show_brief
 .text          0x0060ffe0      0x4e8 common/libcommon.a(cmd_sf.o)
                0x0060fff8                do_spi_flash
 .text          0x006104c8      0x1e0 common/libcommon.a(cmd_source.o)
                0x006104e8                source
                0x0061061c                do_source
 .text          0x006106a8      0x1e4 common/libcommon.a(cmd_spi.o)
                0x006106a8                do_spi
 .text          0x0061088c      0xf5c common/libcommon.a(cmd_ubi.o)
 .text          0x006117e8      0x1c4 common/libcommon.a(cmd_ubifs.o)
                0x0061194c                do_ubifs_mount
                0x006118dc                do_ubifs_ls
                0x006117e8                do_ubifs_load
 .text          0x006119ac     0x114c common/libcommon.a(cmd_usb.o)
                0x006124d0                usb_display_conf_desc
                0x00612040                usb_show_tree_graph
                0x006119ac                usb_get_class_desc
                0x00611a4c                usb_display_ep_desc
                0x006122bc                usb_display_desc
                0x00611b20                usb_display_class_sub
                0x00612280                usb_show_tree
                0x006123f8                usb_display_string
                0x00612440                usb_display_if_desc
                0x00612588                usb_display_config
                0x00611c9c                do_usbboot
                0x00612620                do_usb
 .text          0x00612af8      0x24c common/libcommon.a(cmd_ximg.o)
                0x00612af8                do_imgextract
 .text          0x00612d44      0xe84 common/libcommon.a(command.o)
                0x00612f5c                find_cmd_tbl
                0x00612dbc                do_echo
                0x00612e44                cmd_usage
                0x00613028                cmd_auto_complete
                0x00613704                do_exit
                0x00612ffc                find_cmd
                0x00612d44                cmd_get_data_size
                0x0061373c                do_test
                0x00613530                _do_help
                0x006134e8                install_auto_complete
                0x006136b0                do_help
                0x00612ed4                var_complete
                0x00612eac                do_version
 .text          0x00613bc8      0x50c common/libcommon.a(console.o)
                0x00613ff8                console_init_r
                0x00613ebc                printf
                0x00613dc4                console_assign
                0x00613f88                getc
                0x00613d94                search_device
                0x00613e60                puts
                0x00613d74                dbg
                0x00613f08                serial_printf
                0x00613ca0                ftstc
                0x00613e0c                fprintf
                0x00613f70                tstc
                0x00613e7c                vprintf
                0x00613fa0                ctrlc
                0x00613f54                putc
                0x00613d38                disable_ctrlc
                0x00613c70                fgetc
                0x00613d50                had_ctrlc
                0x00613cd0                fputc
                0x00613d80                console_init_f
                0x00613d60                clear_ctrlc
                0x00613d90                stdio_print_current_devices
                0x00613d04                fputs
 .text          0x006140d4     0x1170 common/libcommon.a(dlmalloc.o)
                0x00614500                malloc
                0x00614c88                pvalloc
                0x00614cac                calloc
                0x0061410c                malloc_usable_size
                0x00614d94                realloc
                0x006141c8                malloc_trim
                0x006140d4                malloc_bin_reloc
                0x00614150                mallopt
                0x00614b70                memalign
                0x006144fc                cfree
                0x00614ca0                valloc
                0x006142a0                free
 .text          0x00615244      0x2b8 common/libcommon.a(env_common.o)
                0x00615284                env_get_char
                0x00615264                env_get_addr
                0x00615450                set_default_env
                0x006152c8                env_complete
                0x0061549c                env_relocate
                0x0061541c                env_crc_update
                0x00615244                env_get_char_memory
 .text          0x006154fc      0x204 common/libcommon.a(env_sf.o)
                0x0061553c                env_relocate_spec
                0x00615600                saveenv
                0x00615514                env_get_char_spec
                0x00615520                env_init
 .text          0x00615700      0x1ac common/libcommon.a(exports.o)
                0x0061570c                jumptable_init
                0x00615704                get_version
 .text          0x006158ac     0x1f40 common/libcommon.a(hush.o)
                0x00615b4c                new_pipe
                0x006159f0                mapset
                0x00616ed4                parse_string_outer
                0x00616808                update_ifs_map
                0x00616644                set_local_var
                0x00616e84                parse_file_outer
                0x006158c8                simple_itoa
                0x00615dd8                unset_local_var
                0x00615a24                do_showvar
                0x006160ec                reserved_word
                0x00615b7c                u_boot_hush_start
 .text          0x006177ec      0x88c common/libcommon.a(image.o)
                0x00617b04                getenv_bootm_size
                0x00617b74                image_print_contents
                0x00617954                genimg_get_comp_id
                0x0061799c                genimg_get_os_id
                0x006178ec                genimg_has_config
                0x00617984                genimg_get_arch_id
                0x006178a0                genimg_get_arch_name
                0x00617e10                boot_get_ramdisk
                0x00617db0                image_check_hcrc
                0x00617888                genimg_get_os_name
                0x006178b8                genimg_get_type_name
                0x00617a88                genimg_get_format
                0x006178d0                genimg_get_comp_name
                0x00617d60                image_check_dcrc
                0x00617aa8                getenv_bootm_low
                0x006178e8                genimg_get_image
                0x0061796c                genimg_get_type_id
                0x00617828                image_multi_count
                0x00617aa4                memmove_wd
                0x006179b4                image_multi_getimg
                0x00617ad8                getenv_yesno
 .text          0x00618078      0x9d4 common/libcommon.a(main.o)
                0x00618078                __show_boot_progress
                0x00618184                run_command
                0x00618110                do_run
                0x0061807c                parse_line
                0x00618900                readline
                0x00618078                show_boot_progress
                0x0061890c                main_loop
                0x006186ec                readline_into_buffer
 .text          0x00618a4c      0x2e4 common/libcommon.a(s_record.o)
                0x00618ac0                srec_decode
 .text          0x00618d30      0x19c common/libcommon.a(stdio.o)
                0x00618d3c                stdio_clone
                0x00618d30                stdio_get_list
                0x00618e70                stdio_get_by_name
                0x00618ddc                stdio_init
                0x00618d94                stdio_register
 .text          0x00618ecc     0x17d4 common/libcommon.a(usb.o)
                0x00619b24                usb_set_idle
                0x00618ee4                usb_maxpacket
                0x0061a488                usb_hub_probe
                0x0061927c                usb_stop
                0x0061a56c                usb_init
                0x00618ecc                usb_disable_asynch
                0x0061a5f0                usb_clear_halt
                0x006192e8                usb_bulk_msg
                0x00619a34                usb_get_class_descriptor
                0x0061a4e8                usb_scan_devices
                0x00619724                usb_get_hub_descriptor
                0x00619430                usb_get_port_status
                0x00619278                usb_submit_int_msg
                0x00619114                usb_parse_config
                0x00619350                usb_control_msg
                0x00619b90                usb_set_protocol
                0x0061a164                usb_hub_port_connect_change
                0x00619c74                usb_set_interface
                0x0061901c                usb_hub_allocate
                0x00619934                usb_string
                0x00619aac                usb_get_report
                0x00619d94                usb_get_descriptor
                0x0061a264                usb_hub_configure
                0x0061978c                usb_get_string
                0x006192c0                wait_ms
                0x006196c4                usb_clear_hub_feature
                0x00619e04                usb_get_configuration_no
                0x006195a8                usb_clear_port_feature
                0x006194f4                usb_set_port_feature
                0x00619eb0                usb_new_device
                0x00619498                usb_get_hub_status
                0x00619bf8                usb_set_configuration
                0x00618f6c                usb_set_maxpacket
                0x00619d44                usb_set_address
                0x00619068                usb_alloc_new_device
                0x00619008                usb_hub_reset
                0x00618fd8                usb_get_dev_index
 .text          0x0061a6a0     0x1440 common/libcommon.a(usb_storage.o)
                0x0061aa7c                usb_storage_probe
                0x0061b874                usb_stor_CB_transport
                0x0061b540                usb_stor_CB_comdat
                0x0061a6c0                usb_stor_get_dev
                0x0061aef8                usb_stor_read
                0x0061a6f8                usb_show_progress
                0x0061b108                usb_stor_scan
                0x0061b260                usb_stor_BBB_comdat
                0x0061ba68                usb_stor_info
                0x0061a7ec                usb_stor_get_info
                0x0061acb0                usb_stor_BBB_clear_endpt_stall
                0x0061b790                usb_stor_CBI_get_status
                0x0061b358                usb_stor_BBB_transport
 .text          0x0061bae0      0xa4c common/libcommon.a(xyzModem.o)
                0x0061bc10                xyzModem_error
                0x0061bcac                xyzModem_stream_close
                0x0061bd10                CYGACC_COMM_IF_GETC_TIMEOUT
                0x0061bae0                parse_num
                0x0061bdac                xyzModem_stream_terminate
                0x0061c3b8                xyzModem_stream_open
                0x0061bd08                CYGACC_COMM_IF_PUTC
                0x0061c120                xyzModem_stream_read
 .text          0x0061c52c       0xe0 board/marvell/config_dove/libconfig_dove.a(platform.o)
                0x0061c52c                lowlevel_init
 .text          0x0061c60c     0x1a50 board/marvell/config_dove/libconfig_dove.a(mv_main.o)
                0x0061c60c                __aeabi_unwind_cpp_pr0
                0x0061ded4                misc_init_r_dec_win
                0x0061c6b8                mvPmuGpuPowerDown
                0x0061ce28                print_mvBanner
                0x0061d054                board_mmc_init
                0x0061cfcc                mvGetRtcSec
                0x0061d028                mvTclkGet
                0x0061ca78                mv_bootrom_status_print
                0x0061d1e8                misc_init_r_env
                0x0061c83c                mv_cpu_init
                0x0061d080                board_eth_init
                0x0061c644                mvPmuVpuPowerDown
                0x0061c72c                mv_set_power_scheme
                0x0061cfc8                reset_cpu
                0x0061dd68                board_init
                0x0061cf20                mvMppModuleTypePrint
                0x0061c61c                maskAllInt
                0x0061c614                __aeabi_unwind_cpp_pr1
                0x0061dfc4                misc_init_r
                0x0061d0ac                print_cpuinfo
                0x0061cffc                mvSysClkGet
 .text          0x0061e05c     0x19bc board/marvell/config_dove/libconfig_dove.a(mv_cmd.o)
                0x0061e3ec                audio_init_codec
                0x0061e974                phy_write_cmd
                0x0061eaa0                pcie_phy_read_cmd
                0x0061ec48                fi_cmd
                0x0061f340                mvPdma_cmd
                0x0061f560                volt_cmd
                0x0061e4bc                do_satr
                0x0061f710                clk_cmd
                0x0061e148                audio_play_cmd
                0x0061f190                mvDma_cmd
                0x0061ee18                g_cmd
                0x0061f0e4                xor_waiton_eng
                0x0061f774                resetenv_cmd
                0x0061e9d8                phy_read_cmd
                0x0061eb04                cmpm_cmd
                0x0061e08c                temperature_cmd
                0x0061f4f4                sg_cmd
                0x0061eda8                mv_go
                0x0061f81c                spi_burn_uboot_cmd
                0x0061eebc                displayMemoryMap_cmd
                0x0061eed4                ir_cmd
                0x0061ea3c                pcie_phy_write_cmd
 .text          0x0061fa18      0x1ec board/marvell/config_dove/libconfig_dove.a(mv_dram.o)
                0x0061fa18                dram_init
 .text          0x0061fc04       0x98 board/marvell/config_dove/libconfig_dove.a(mv_service.o)
                0x0061fc04                mvEgigaPhySwitchInit
 .text          0x0061fc9c      0x9c0 board/marvell/config_dove/libconfig_dove.a(mv_manufacture_test.o)
                0x00620510                mv_man_test_sf
                0x0061ffc4                mv_man_test_dram
                0x0061ff10                mv_man_test_nand
                0x006205c8                mv_man_test_sg
                0x0062008c                mv_man_test_mmc
                0x0061fcbc                mv_man_init
                0x0061fc9c                mv_man_register_func
                0x0062028c                mv_man_test_i2c
                0x0061fe8c                man_test
                0x006201e4                mv_man_test_usb
                0x0061fd70                printTestReport
                0x00620128                mv_man_test_pcie
                0x00620468                mv_man_test_sata
                0x0061ff30                mv_man_test_rtc
 .text          0x0062065c      0xf14 board/marvell/config_dove/libconfig_dove.a(mvBoardEnvLib.o)
                0x00620758                mvBoardIdGet
                0x006208c8                mvBoardTwsiExpAddrTypeGet
                0x00620ba4                mvBoardNandWidthGet
                0x00620e00                mvBoardUSBVbusGpioPinGet
                0x00620a74                mvBoardRtcTwsiAddrTypeGet
                0x00620998                mvBoardCamTwsiAddrGet
                0x00620c64                mvBoardMppGroupTypeSet
                0x00620664                mvBoardSpecInitGet
                0x0062069c                mvBoardSysClkGet
                0x00620ca4                mvBoardMppGroupTypeGet
                0x00620e8c                mvBoardRTCGpioPinGet
                0x00621498                mvBoardEnvInit
                0x00621184                mvBoarModuleTypeGet
                0x00621340                mvBoardDebugLed
                0x0062073c                mvBoardDebugLedNumGet
                0x00620750                mvBoardTwsiChanNumGet
                0x00620728                mvBoardPexBridgeIntPinGet
                0x0062102c                mvBoardSlicGpioPinGet
                0x00620d78                mvBoarGpioPinNumGet
                0x0062143c                mvBoardNameGet
                0x0062066c                mvBoardTclkGet
                0x00620b00                boardGetDevCSNum
                0x006207e8                mvBoardTwsiSatRAddrTypeGet
                0x00620938                mvBoardTwsiAddrGet
                0x00620e18                mvBoardResetGpioPinGet
                0x006209e4                mvBoardTwsiAddrTypeGet
                0x00621044                mvBoardDdrTypeGet
                0x00620a5c                mvBoardA2DTwsiAddrTypeGet
                0x00620ff8                mvBoardRevGet
                0x00620b60                mvBoardGetDeviceWidth
                0x00620f58                mvBoardLinkStatusIrqGet
                0x00620e98                mvBoardSmiScanModeGet
                0x00620df4                mvBoardUSBVbusEnGpioPinGet
                0x006209b0                mvBoardA2DTwsiAddrGet
                0x00620d4c                mvBoardGpioIntMaskLowGet
                0x00621560                mvBoardA2DTwsiChanNumGet
                0x00620b40                mvBoardGetDeviceBusWidth
                0x006210f0                mvBoarTwsiSatRGet
                0x00621014                mvBoardModelGet
                0x00620d20                mvBoardGpioIntMaskHighGet
                0x00620f08                mvBoardSwitchPortGet
                0x00620cec                mvBoardMppGet
                0x00621214                mvBoardGetDeviceWinSize
                0x00620a44                mvBoardCamTwsiAddrTypeGet
                0x0062065c                mvBoardIsPortInSgmii
                0x00620f8c                mvBoardMacSpeedGet
                0x006209c8                mvBoardRtcTwsiAddrGet
                0x00620858                mvBoardTwsiExpAddrGet
                0x00620ed0                mvBoardSwitchCpuPortGet
                0x00621568                mvBoardCamTwsiChanNumGet
                0x00620778                mvBoardTwsiSatRAddrGet
                0x00621260                mvBoardGetDeviceBaseAddr
                0x00620fc0                mvBoardPhyAddrGet
                0x0062105c                mvBoarTwsiSatRSet
                0x00620e24                mvBoardReset
                0x00620c00                mvBoardGetDevicesNumber
                0x00621290                mvBoardMppGroupIdUpdate
                0x00620e0c                mvBoardSDIOGpioPinGet
 .text          0x00621570        0x0 board/marvell/config_dove/libconfig_dove.a(mvBoardEnvSpec.o)
 .text          0x00621570       0xfc board/marvell/config_dove/libconfig_dove.a(mv_serial.o)
                0x00621570                serial_setbrg
                0x006215a4                serial_tstc
                0x006215c4                serial_putc
                0x00621624                serial_init
                0x006215f8                serial_puts
                0x006215ac                serial_getc
 .text          0x0062166c      0x670 board/marvell/config_dove/libconfig_dove.a(mv_pageTable.o)
                0x00621704                cpuCfgEnable
                0x0062172c                disableIDCache
                0x006217f8                pageTableInit
                0x0062167c                mmuInvCache
                0x00621674                mmuSetDomainAccessControl
                0x006216c0                mmuFlushTLB
                0x00621748                getDCacheAssociativity
                0x00621a60                cpumap_cmd
                0x006217dc                getDCacheLine
                0x0062166c                mmuSetPageTabBase
                0x006217ac                getDCacheSize
 .text          0x00621cdc       0xfc board/marvell/config_dove/libconfig_dove.a(mv_rtc.o)
                0x00621ce0                rtc_set
                0x00621cdc                rtc_reset
                0x00621d68                rtc_get
 .text          0x00621dd8      0x160 board/marvell/config_dove/libconfig_dove.a(mv_mon_init.o)
                0x00621dd8                PTexist
                0x00621e30                mon_extension_after_relloc
 .text          0x00621f38      0xc60 board/marvell/config_dove/libconfig_dove.a(mv_pci.o)
                0x00622798                me_cmd
                0x006221a4                pci_init_board
                0x00622810                scanPci
                0x00622b2c                sp_cmd
                0x00621ff8                mv_mem_ctrl_dev
                0x006225ec                mapPci_cmd
                0x006226cc                se_cmd
 .text          0x00622b98       0x58 board/marvell/config_dove/libconfig_dove.a(mv_flash.o)
                0x00622b98                spi_flash_init
 .text          0x00622bf0     0x1c94 board/marvell/config_dove/libconfig_dove.a(mv_ide.o)
                0x00622c10                mvGetSataDeviceType
                0x00622ea4                ide_read_write
                0x00623430                ide_read
                0x006240a0                do_diskboot
                0x00622c80                InitChannel
                0x00622d60                mvSataEventNotify
                0x006243bc                do_ide
                0x00622cd0                ide_get_dev
                0x00623454                mvGetPMDeviceInfo
                0x0062356c                ide_init
                0x0062340c                ide_write
 .text          0x00624884      0x914 board/marvell/config_dove/libconfig_dove.a(mv_egiga.o)
                0x00624930                mv_eth_initialize
 .text          0x00625198      0x8d0 board/marvell/config_dove/libconfig_dove.a(mv_protectionUnit.o)
                0x006252cc                get_control
                0x00625814                MPU_Init
                0x0062537c                get_prot_attrib
                0x0062553c                mpuInvCache
                0x006255c4                mpuMap
                0x006255a8                _disableIDCache
                0x006252d4                set_control
                0x00625580                _cpuCfgEnable
 .text          0x00625a68      0x210 board/marvell/config_dove/libconfig_dove.a(mv_i2c.o)
                0x00625a68                i2c_set_bus_num
                0x00625b88                i2c_write
                0x00625b14                i2c_probe
                0x00625a88                i2c_get_bus_num
                0x00625aa4                i2c_set_bus_speed
                0x00625c00                i2c_read
                0x00625ac4                i2c_init
                0x00625a98                i2c_get_bus_speed
 .text          0x00625c78      0x39c board/marvell/config_dove/libconfig_dove.a(mv_ext2_boot.o)
                0x00625c78                do_bootext2
 .text          0x00626014      0x544 board/marvell/config_dove/libconfig_dove.a(mv_tsc2005.o)
                0x006260c0                tsc2005_touched
                0x00626218                mv_ts_init
                0x00626310                tsc2005_configuration
 .text          0x00626558      0x660 board/marvell/config_dove/libconfig_dove.a(mv_sdhci.o)
                0x006265a8                set_power
                0x00626558                sdhci_clrbits8
                0x00626630                mv_sdhci_initialize
                0x006266f8                mv_sdhci_mmc_init
                0x00626578                sdhci_get_xfer
                0x00626788                set_clock
                0x00626568                sdhci_setbits8
 .text          0x00626bb8      0x120 board/marvell/config_dove/libconfig_dove.a(mv_spi.o)
                0x00626bc4                spi_release_bus
                0x00626be8                spi_xfer
                0x00626bb8                spi_init
                0x00626bc8                spi_cs_is_valid
                0x00626be0                spi_cs_activate
                0x00626bbc                spi_claim_bus
                0x00626c7c                spi_setup_slave
                0x00626c78                spi_free_slave
                0x00626bd8                spi_cs_deactivate
 .text          0x00626cd8      0x304 board/marvell/config_dove/libconfig_dove.a(mvTwsiSocEeprom.o)
                0x00626cd8                _i2cInit
                0x00626d20                _i2cRead
 .text          0x00626fdc      0x3c8 board/marvell/config_dove/libconfig_dove.a(mvCommon.o)
                0x006270d0                mvBinToAscii
                0x00626fdc                mvLog2
                0x00627278                mvMacStrToHex
                0x00627178                mvAsciiToHex
                0x00627008                mvWinOverlapTest
                0x00627074                mvWinWithinWinTest
                0x006272dc                mvSizePrint
                0x006271c4                mvMacHexToStr
                0x00627124                mvBinToHex
                0x00627210                mvHexToBin
 .text          0x006273a4      0x1bc board/marvell/config_dove/libconfig_dove.a(mvOs.o)
                0x006273fc                mvOsCpuPartGet
                0x00627438                mvOsIoVirtToPhy
                0x00627540                mvOsIoUncachedMalloc
                0x00627420                mvOsCpuRevGet
                0x006274e0                mvOsIoUncachedAlignedMalloc
                0x006273ac                mvOsCpuAsciiGet
                0x00627458                mvOsStrCmp
                0x006273c4                mvOsCpuVarGet
                0x006274a0                mvOsIoCachedFree
                0x006274a8                mvOsIoUncachedAlignedFree
                0x00627448                mvOsCacheInvalidate
                0x006274c0                mvOsIoCachedMalloc
                0x006274b8                mvOsIoUncachedFree
                0x00627450                mvOsRand
                0x00627440                mvOsCacheFlush
                0x006273e0                mvOsCpuArchGet
 .text          0x00627560      0xdf0 board/marvell/config_dove/libconfig_dove.a(mvAudio.o)
                0x00627e44                mvI2SRecordCntrlGet
                0x00627c38                mvSPDIFRecordTclockSet
                0x00627560                mvAudioDCOCtrlSet
                0x006279ec                mvI2SPlaybackCtrlSet
                0x00627600                mvAudioSpcrCtrlGet
                0x00627ce8                mvSPDIFRecordTclockGet
                0x00627d68                mvSPDIFRecordStatusGet
                0x00627ac0                mvI2SPlaybackCtrlGet
                0x00627ec8                mvAudioHalInit
                0x00627b10                mvAudioRecordControlGet
                0x00627dbc                mvI2SRecordCntrlSet
                0x006275c8                mvAudioDCOCtrlGet
                0x006276d4                mvAudioPlaybackStatusGet
                0x00627ea0                mvAudioSetAddDecMap
                0x00627638                mvAudioPlaybackControlGet
                0x0062795c                mvSPDIFPlaybackCtrlGet
                0x00628078                mvAudioRecordControlSet
                0x00627bcc                mvAudioRecordStatusGet
                0x00627754                mvSPDIFPlaybackCtrlSet
                0x00628210                mvAudioPlaybackControlSet
 .text          0x00628350      0x1f0 board/marvell/config_dove/libconfig_dove.a(mvAudioAddrDec.o)
                0x00628350                mvAudioWinWrite
                0x00628408                mvAudioWinRead
                0x006284a0                mvAudioWinInit
 .text          0x00628540      0x528 board/marvell/config_dove/libconfig_dove.a(mvDramIf.o)
                0x00628540                mvDramIfWinGet
                0x00628960                mvDramIfWinSet
                0x00628828                mvIntrfaceWidthPrint
                0x00628618                mvDramIfBankSizeGet
                0x00628698                mvDramIfBankBaseGet
                0x0062865c                mvDramIfSizeGet
                0x006288dc                mvDramIfWinEnable
                0x006286dc                mvIntrfaceParamPrint
 .text          0x00628a68     0x1c10 board/marvell/config_dove/libconfig_dove.a(mvEth.o)
                0x00629520                mvEthMacAddrSet
                0x00628d24                mvEthCoalGet
                0x0062a014                mvEthRxFilterModeSet
                0x0062978c                mvEthTosToRxqGet
                0x00629860                mvEthVlanPrioRxQueue
                0x00628c64                mvEthRxCoalSet
                0x00628dc8                mvEthMaxRxSizeSet
                0x00629b3c                mvEthHeaderModeSet
                0x00629f8c                mvEthPortPowerDown
                0x006298ac                mvEthBpduRxQueue
                0x0062a5fc                mvEthHalInit
                0x006294e0                mvEthSetOtherMcastTable
                0x00629718                mvEthMibCountersClear
                0x006298f4                mvEthArpRxQueue
                0x00628e30                mvEthMacAddrGet
                0x0062a2d0                mvEthPortFinish
                0x00628ad4                mvEthPortForceTxDone
                0x00628cc4                mvEthTxCoalSet
                0x006294a0                mvEthSetSpecialMcastTable
                0x006299b0                mvEthSpeedDuplexSet
                0x00628e84                mvEthMcastCrc8Get
                0x006295bc                mvEthMcastAddrSet
                0x00629ba4                mvEthEjpModeSet
                0x00628b84                mvEthPortForceRx
                0x00629930                mvEthTcpRxQueue
                0x0062a0ac                mvEthPortDown
                0x00629c64                mvEthPhyAddrSet
                0x00629fc0                mvEthPortPowerUp
                0x00629ca4                ethResetRxDescRing
                0x00628a7c                mvEthMemAttrGet
                0x00629a98                mvEthFlowCtrlSet
                0x006297e8                mvEthTosToRxqSet
                0x00629970                mvEthUdpRxQueue
                0x00629738                mvEthPortEnable
                0x0062a35c                mvEthPortInit
                0x00629d58                ethResetTxDescRing
                0x00629e1c                mvEthDefaultsSet
                0x006296ec                mvEthMibCounterRead
                0x00629c80                mvEthPhyAddrGet
                0x00629c0c                mvEthStatusGet
                0x00628a98                mvEthPortUp
                0x0062a204                mvEthPortDisable
 .text          0x0062a678     0x11b0 board/marvell/config_dove/libconfig_dove.a(mvEthPhy.o)
                0x0062ac98                mvEthE1011PhyBasicInit
                0x0062aadc                mvEthE1310PhyBasicInit
                0x0062a9dc                mvEthE1116PhyBasicInit
                0x0062a74c                mvEthPhyRegWrite
                0x0062b174                mvEth1121PhyBasicInit
                0x0062b064                mvEthSgmiiToCopperPhyBasicInit
                0x0062a914                mvEthE1112PhyBasicInit
                0x0062b3c8                mvEthPhyReset
                0x0062a864                mvEthE1111PhyBasicInit
                0x0062b5e0                mvEthPhyPrintStatus
                0x0062a7c4                mvEthPhyCheckLink
                0x0062b05c                mvEthE1112PhyPowerDown
                0x0062b260                mvEth1145PhyBasicInit
                0x0062b708                mvEthPhyDisableAN
                0x0062ad34                mvEthE1116PhyPower
                0x0062b054                mvEthE1112PhyPowerUp
                0x0062a678                mvEthPhyRegRead
                0x0062b0e0                mvEthE3016PhyBasicInit
                0x0062b800                mvEthPhyHalInit
                0x0062b32c                mvEthPhyRestartAN
                0x0062b464                mvEthPhyLoopback
 .text          0x0062b828      0x290 board/marvell/config_dove/libconfig_dove.a(mvGpp.o)
                0x0062b86c                mvGppValueGet
                0x0062ba58                mvGppTypeSet
                0x0062b9f8                mvGppBlinkEn
                0x0062b8a4                mvGppFunctionSelectSet
                0x0062b8d4                mvGppValueSet
                0x0062b998                mvGppPolaritySet
                0x0062b828                mvGppPolarityGet
 .text          0x0062bab8      0x304 board/marvell/config_dove/libconfig_dove.a(mvPciIf.o)
                0x0062bcb8                mvPciIfConfigWrite
                0x0062bac8                mvPciRealIfNumGet
                0x0062bc7c                mvPciIfMasterEnable
                0x0062bd0c                mvPciIfConfigRead
                0x0062bb80                mvPciIfLocalDevNumSet
                0x0062bbbc                mvPciIfLocalBusNumGet
                0x0062bab8                mvPciIfTypeGet
                0x0062bd64                mvPciIfInit
                0x0062bb48                mvPciIfLocalDevNumGet
                0x0062bc30                mvPciIfSlaveEnable
                0x0062bbf4                mvPciIfLocalBusNumSet
                0x0062baf4                mvPciIfWinInit
 .text          0x0062bdbc      0x8c8 board/marvell/config_dove/libconfig_dove.a(mvPex.o)
                0x0062bf58                mvPexLocalBusNumSet
                0x0062c418                mvPexPhyPowerDown
                0x0062c434                mvPexHalInit
                0x0062bee0                mvPexLocalDevNumSet
                0x0062bdbc                mvPexModeGet
                0x0062c3c4                mvPexIfEnable
                0x0062c144                mvPexConfigRead
                0x0062c388                mvPexForceX1
                0x0062bfd0                mvPexMasterEnable
                0x0062c034                mvPexConfigWrite
                0x0062bea0                mvPexLocalDevNumGet
                0x0062c308                mvPexPhyRegRead
                0x0062c350                mvPexPhyRegWrite
                0x0062c278                mvPexSlaveEnable
                0x0062be60                mvPexLocalBusNumGet
 .text          0x0062c684      0xab8 board/marvell/config_dove/libconfig_dove.a(mvPciUtils.o)
                0x0062c684                mvPciClassNameGet
                0x0062d000                mvPciScan
 .text          0x0062d13c      0xb60 board/marvell/config_dove/libconfig_dove.a(mvPexAddrDec.o)
                0x0062d6c0                mvPexBarEnable
                0x0062d328                mvPexTargetWinRemapEnable
                0x0062d86c                mvPexTargetWinEnable
                0x0062d1f0                pexWinRegInfoGet
                0x0062d400                mvPexTargetWinRead
                0x0062da8c                mvPexWinInit
                0x0062d13c                mvPexBarGet
                0x0062d958                mvPexTargetWinWrite
                0x0062d4a8                pexBarNameGet
                0x0062d37c                mvPexTargetWinRemap
                0x0062d568                mvPexBarSet
 .text          0x0062dc9c      0x6d0 board/marvell/config_dove/libconfig_dove.a(mvPdma.o)
                0x0062e33c                mvPdmaCntrlRegSet
                0x0062e2e4                mvPdmaDstAddrRegSet
                0x0062dd54                mvPdmaChanAlloc
                0x0062dfb4                mvPdmaChanAlignmentGet
                0x0062e13c                mvPdmaCommandRegCalc
                0x0062dfe8                mvPdmaChannelStateGet
                0x0062e230                mvPdmaUnitStateStore
                0x0062df4c                mvPdmaChanAlignmentSet
                0x0062e01c                mvPdmaChanTransfer
                0x0062e17c                mvPdmaCommandIntrEnable
                0x0062dc9c                mvPdmaHalInit
                0x0062e368                mvPdmaChanRegsPrint
                0x0062e2b8                mvPdmaSrcAddrRegSet
                0x0062e310                mvPdmaCmdRegSet
                0x0062e198                mvPdmaMemInit
                0x0062df28                mvPdmaChanFree
 .text          0x0062e36c      0x228 board/marvell/config_dove/libconfig_dove.a(mvRtc.o)
                0x0062e590                mvRtcInit
                0x0062e4d8                mvRtcTimeGet
                0x0062e36c                mvRtcTimeSet
 .text          0x0062e594      0x570 board/marvell/config_dove/libconfig_dove.a(mvSpi.o)
                0x0062e770                mvSpiCsAssert
                0x0062e62c                mvSpi8bitDataTxRx
                0x0062e968                mvSpiReadWrite
                0x0062e7b0                mvSpiRead
                0x0062e790                mvSpiCsDeassert
                0x0062e88c                mvSpiWrite
                0x0062ea58                mvSpiInit
                0x0062e6a4                mvSpiBaudRateSet
 .text          0x0062eb04      0x1a4 board/marvell/config_dove/libconfig_dove.a(mvSpiCmnd.o)
                0x0062ebbc                mvSpiWriteThenWrite
                0x0062eb04                mvSpiWriteThenRead
                0x0062ec44                mvSpiReadAndWrite
 .text          0x0062eca8      0x26c board/marvell/config_dove/libconfig_dove.a(mvTwsi.o)
                0x0062ed70                mvTwsiRead
                0x0062ee20                mvTwsiStopBitSet
                0x0062edcc                mvTwsiAddrSet
                0x0062ed14                mvTwsiWrite
                0x0062ee64                mvTwsiStartBitSet
                0x0062eea8                mvTwsiInit
 .text          0x0062ef14      0x9dc board/marvell/config_dove/libconfig_dove.a(mvTwsiSoc.o)
                0x0062f35c                mvTwsiSocRead
                0x0062f76c                mvTwsiSocStopBitSet
                0x0062ef8c                mvTwsiSocInit
                0x0062f81c                mvTwsiSocStartBitSet
                0x0062f55c                mvTwsiSocAddrSet
                0x0062f29c                mvTwsiSocWrite
                0x0062ef64                twsiTimeoutChk
 .text          0x0062f8f0      0x248 board/marvell/config_dove/libconfig_dove.a(mvTwsiCamera.o)
                0x0062f934                mvTwsiCameraStopBitSet
                0x0062f918                mvTwsiCameraInit
                0x0062f92c                mvTwsiCameraStartBitSet
                0x0062fae4                mvTwsiCameraRead
                0x0062f93c                mvTwsiCameraAddrSet
                0x0062fa3c                mvTwsiCameraReadByte
                0x0062f944                mvTwsiCameraWriteByte
                0x0062f9e8                mvTwsiCameraWrite
 .text          0x0062fb38       0x9c board/marvell/config_dove/libconfig_dove.a(mvUart.o)
                0x0062fbbc                mvUartTstc
                0x0062fb7c                mvUartPutc
                0x0062fb38                mvUartInit
                0x0062fb9c                mvUartGetc
 .text          0x0062fbd4      0x744 board/marvell/config_dove/libconfig_dove.a(mvXor.o)
                0x006301d0                mvXorHalInit
                0x0062fc24                mvXorEccCurrTimerGet
                0x00630058                mvXorCommandSet
                0x0062fea8                mvXorEccClean
                0x0062fc44                mvXorStateGet
                0x0062fbd4                mvXorCtrlSet
                0x0062fca0                mvXorTransfer
                0x0062fd98                mvXorMemInit
                0x00630214                mvXorOverrideSet
 .text          0x00630318     0x5710 board/marvell/config_dove/libconfig_dove.a(mvSata.o)
                0x006347d8                mvSataChannelFarLoopbackDiagnostic
                0x00631188                mvSataSetIntCoalParams
                0x00632ef4                mvSataChannelPhyPowerOn
                0x0063430c                mvSataConfigureChannel
                0x006324c0                mvSata60X1B2CheckDevError
                0x00630e08                mvSataGetInterfaceSpeed
                0x00630cc4                mvSataSetInterruptsScheme
                0x00630d88                mvSataGetInterfacePowerState
                0x00630b84                mvSataShutdownAdapter
                0x00633030                mvSataInitAdapter
                0x00634ab4                mvSataInterruptServiceRoutine
                0x00630f58                mvSataCheckPendingInterrupt
                0x00633ec4                mvSataEnableStaggeredSpinUp
                0x0063409c                mvSataChannelHardReset
                0x00634484                mvSataDisableChannelDma
                0x00630f94                mvSataChannelPhyShutdown
                0x00631770                _setActivePMPort
                0x00631690                disableSaDevInterrupts
                0x00630cfc                mvSataUnmaskAdapterInterrupt
                0x00635868                mvSataQueueCommand
                0x00631064                mvSataSetChannelPhyParams
                0x00630bbc                mvSataRemoveChannel
                0x00630e84                mvSataDisableStaggeredSpinUp
                0x00633d88                mvSataSetInterfaceSpeed
                0x00630cd8                mvSataMaskAdapterInterrupt
                0x00631eb8                mvSataEnableChannelDma
                0x00633f34                mvSataEnableStaggeredSpinUpAll
                0x00630d34                mvSataIfD2HReceived
                0x00630bac                mvSataWriteReg
                0x00630bec                mvSataSetFBSMode
                0x00632008                mvSataIsStorageDeviceConnected
                0x00634764                waitForBusyAfterHReset
                0x00630c58                mvSataNumOfDmaCommands
                0x00631818                mvSataConfigEdmaMode
                0x00630c7c                mvSataGetNumOfPortQueuedCommands
                0x00631f04                mvSataSetInterfacePowerState
                0x006342b0                mvSataFlushDmaQueue
                0x00630f04                mvSataDisableStaggeredSpinUpAll
                0x00631358                mvSataReadReg
 .text          0x00635a28     0x1230 board/marvell/config_dove/libconfig_dove.a(mvStorageDev.o)
                0x00635fe0                mvStorageDevATASoftResetDevice
                0x00636b28                mvStorageDevATASetFeatures
                0x00636b88                mvStorageDevATAIdentifyDevice
                0x0063605c                executeNonUDMACommand
                0x006365a4                _PMAccessReg
                0x00635aac                mvStorageDevSetDeviceType
                0x00635d04                mvStorageDevATAIdleImmediate
                0x006368ac                mvPMDevEnableStaggeredSpinUpPort
                0x006364e0                mvStorageDevExecutePIO
                0x00635c44                waitForDRQ
                0x00635e8c                mvStorageIsDeviceBsyBitOff
                0x00635a58                disableStorageDevInterrupt
                0x0063675c                mvPMLinkUp
                0x00635bfc                _startSoftResetDevice
                0x00635dac                dumpAtaDeviceRegisters
                0x00635f8c                mvStorageDevATAStartSoftResetDevice
                0x00635afc                _doSoftReset
                0x006367e0                mvPMDevReadReg
                0x00635b9c                waitForDRQToClear
                0x0063693c                mvPMDevEnableStaggeredSpinUpAll
                0x00635eec                waitWhileStorageDevIsBusy_88SX60X1
                0x00635a88                _isDeviceBsyBitOff
                0x00635a28                enableStorageDevInterrupt
                0x00636a88                mvStorageDevATAExecuteNonUDMACommand
                0x006366f0                mvPMDevWriteReg
                0x00635ca4                waitWhileStorageDevIsBusy
                0x006367d8                mvPMDevEnableStaggeredSpinUp
                0x00635ad8                mvStorageDevGetDeviceType
 .text          0x00636c58      0x1f4 board/marvell/config_dove/libconfig_dove.a(mvSysEth.o)
                0x00636c58                mvEthPortAddrDecShow
                0x00636d8c                mvSysEthInit
                0x00636d60                mvEthAddrDecShow
 .text          0x00636e4c       0x50 board/marvell/config_dove/libconfig_dove.a(mvSysEthPhy.o)
                0x00636e4c                mvSysEthPhyInit
 .text          0x00636e9c      0x3cc board/marvell/config_dove/libconfig_dove.a(mvSysPciIf.o)
                0x00636e9c                mvPexTargetWinGet
                0x00636f84                mvPexAddrDecShow
                0x006371f8                mvSysPciIfInit
 .text          0x00637268      0x144 board/marvell/config_dove/libconfig_dove.a(mvSysPdma.o)
                0x00637364                mvSysPdmaInit
                0x00637268                mvPdmaAddrDecShow
 .text          0x006373ac       0x38 board/marvell/config_dove/libconfig_dove.a(mvSysSata.o)
                0x006373ac                mvSysSataWinInit
 .text          0x006373e4      0x23c board/marvell/config_dove/libconfig_dove.a(mvSysAudio.o)
                0x006375c4                mvSysAudioInit
                0x006373e4                mvSysAudioCodecRegWrite
                0x006374ac                mvAudioUnitAddrDecShow
                0x00637588                mvAudioAddrDecShow
                0x00637448                mvSysAudioCodecRegRead
 .text          0x00637620       0x40 board/marvell/config_dove/libconfig_dove.a(mvSysSpi.o)
                0x00637620                mvSysSpiInit
 .text          0x00637660      0x188 board/marvell/config_dove/libconfig_dove.a(mvSysUsb.o)
                0x00637660                mvUsbAddrDecShow
                0x0063777c                mvSysUsbInit
 .text          0x006377e8      0x150 board/marvell/config_dove/libconfig_dove.a(mvSysXor.o)
                0x006377e8                mvXorAddrDecShow
                0x006378f0                mvSysXorInit
 .text          0x00637938      0x400 board/marvell/config_dove/libconfig_dove.a(mvCtrlEnvAddrDec.o)
                0x00637cec                mvCtrlAddrDecToReg
                0x00637998                mvCtrlTargetGet
                0x00637938                mvCtrlAttribGet
                0x00637b98                mvCtrlParamsToAddrDec
                0x00637ac0                mvCtrlAddrWinMapBuild
                0x00637c08                mvCtrlRegToAddrDec
                0x00637c48                mvCtrlAddrDecToParams
                0x00637a2c                mvCtrlTargetByWinInfoGet
 .text          0x00637d38      0x7c4 board/marvell/config_dove/libconfig_dove.a(mvCtrlEnvLib.o)
                0x00637e7c                mvCtrlTargetNameGet
                0x0063829c                mvCtrlModelGet
                0x00637d7c                mvCtrlEthMaxPortGet
                0x00638318                mvCtrlAddrDecShow
                0x00637d9c                mvCtrlSdioSupport
                0x00637fa0                mvCtrlIsBootFromSPI
                0x00637da4                mvCtrlAudioSupport
                0x00637dac                mvCtrlTdmSupport
                0x00637d38                mvCtrlMppRegGet
                0x00638394                mvCtrlModelRevNameGet
                0x00637db4                ctrlWinOverlapTest
                0x00638494                mvCtrlEnvInit
                0x00637d84                mvCtrlXorMaxChanGet
                0x00637ef0                ctrlRegToSize
                0x00637d8c                mvCtrlUsbMaxGet
                0x00637e20                ctrlWinWithinWinTest
                0x00637fc0                mvCtrlIsBootFromNAND
                0x00637f50                ctrlSizeRegRoundUp
                0x006382f8                mvCtrlModelRevGet
                0x00637d94                mvCtrlNandSupport
                0x00637e98                ctrlSizeToReg
                0x00638348                mvCtrlNameGet
                0x00638240                mvCtrlRevGet
                0x00637d74                mvCtrlPexMaxIfGet
                0x00638180                mvCtrlPwrClckGet
                0x00637fec                mvCtrlPwrClckSet
 .text          0x006384fc      0x6d8 board/marvell/config_dove/libconfig_dove.a(mvAhbToMbus.o)
                0x00638844                mvAhbToMbusWinTargetGet
                0x006384fc                mvAhbToMbusInit
                0x006389d0                mvAhbToMbusWinTargetSwap
                0x006385a4                mvAhbToMbusWinRemap
                0x006388c0                mvAhbToMbusWinSet
                0x00638638                mvAhbToMbusWinGet
                0x0063871c                mvAhbToMbusAddDecShow
                0x00638504                mvAhbToMbusWinEnable
                0x006387ec                mvAhbToMbusWinAvailGet
 .text          0x00638bd4      0x838 board/marvell/config_dove/libconfig_dove.a(mvCpuIf.o)
                0x00638bd4                mvCpuIfEnablePex
                0x00638f40                mvCpuIfTargetOfBaseAddressGet
                0x006391b0                mvCpuIfTargetWinSet
                0x00638c68                mvCpuIfEnablePmu
                0x00639078                mvCpuIfTargetWinSizeGet
                0x006390dc                mvCpuIfTargetWinEnable
                0x00638fb0                mvCpuIfTargetWinBaseHighGet
                0x00639014                mvCpuIfTargetWinBaseLowGet
                0x00638c80                mvCpuIfPexRemap
                0x00638cf0                mvCpuIfTargetWinGet
                0x00638cd8                mvCpuIfPciIfRemap
                0x00638dd0                mvCpuIfAddDecShow
                0x006392a0                mvCpuIfInit
 .text          0x0063940c      0x330 board/marvell/config_dove/libconfig_dove.a(mvCpu.o)
                0x006394e0                mvCpuIfGetCpuStreamMode
                0x006394d8                whoAmI
                0x00639518                mvCpuIfGetL2PrefetchMode
                0x00639574                mvCpuIfPrintSystemConfig
                0x0063940c                mvCpuPclkGet
                0x00639550                mvCpuIfGetL2EccMode
                0x00639534                mvCpuIfGetL2Mode
                0x0063964c                mvCpuNameGet
                0x006394fc                mvCpuIfGetWriteAllocMode
                0x00639468                mvCpuL2ClkGet
 .text          0x0063973c        0x8 board/marvell/config_dove/libconfig_dove.a(mvOsSata.o)
                0x00639740                mvSwapWord
                0x0063973c                mvSwapShort
 .text          0x00639744      0x370 board/marvell/config_dove/libconfig_dove.a(mvEthAddrDec.o)
                0x006397cc                mvEthWinEnable
                0x00639820                mvEthProtWinSet
                0x00639888                mvEthWinWrite
                0x006399c4                mvEthWinInit
                0x00639744                mvEthWinRead
 .text          0x00639ab4      0x2c0 board/marvell/config_dove/libconfig_dove.a(mvPdmaAddrDec.o)
                0x00639cb8                mvPdmaWinInit
                0x00639ab4                mvPdmaWinRead
                0x00639b70                mvPdmaWinWrite
                0x00639b30                mvPdmaWinEnable
 .text          0x00639d74      0xadc board/marvell/config_dove/libconfig_dove.a(mvUsb.o)
                0x0063a064                mvUsbRegs
                0x00639ff8                mvUsbPowerUp
                0x0063a0c8                mvUsbHalInit
                0x00639d74                mvUsbGetCapRegAddr
                0x0063a068                mvUsbCoreRegs
                0x00639f94                mvUsbPowerDown
                0x00639d94                mvUsbPhy65nmNewInit
 .text          0x0063a850      0x294 board/marvell/config_dove/libconfig_dove.a(mvUsbAddrDec.o)
                0x0063aa1c                mvUsbWinInit
                0x0063a850                mvUsbWinRead
                0x0063a8f0                mvUsbWinWrite
 .text          0x0063aae4      0x578 board/marvell/config_dove/libconfig_dove.a(mvXorAddrDec.o)
                0x0063aae4                mvXorTargetWinRead
                0x0063afa4                mvXorWinInit
                0x0063abe0                mvXorProtWinSet
                0x0063ad70                mvXorTargetWinEnable
                0x0063ae58                mvXorTargetWinWrite
                0x0063ac74                mvXorPciRemap
 .text          0x0063b05c      0x214 board/marvell/config_dove/libconfig_dove.a(mvSataAddrDec.o)
                0x0063b0dc                mvSataWinWrite
                0x0063b05c                mvSataWinRead
                0x0063b1c8                mvSataWinInit
 .text          0x0063b270       0x48 lib_generic/libgeneric.a(crc16.o)
                0x0063b270                cyg_crc16
 .text          0x0063b2b8      0x204 lib_generic/libgeneric.a(crc32.o)
                0x0063b2b8                crc32
                0x0063b4b8                crc32_wd
                0x0063b3b8                crc32_no_comp
 .text          0x0063b4bc        0x0 lib_generic/libgeneric.a(ctype.o)
 .text          0x0063b4bc      0x294 lib_generic/libgeneric.a(display_options.o)
                0x0063b5b8                print_buffer
                0x0063b590                display_options
                0x0063b4bc                print_size
 .text          0x0063b750      0x138 lib_generic/libgeneric.a(div64.o)
                0x0063b750                __div64_32
 .text          0x0063b888      0x1f0 lib_generic/libgeneric.a(gunzip.o)
                0x0063b988                gunzip
                0x0063ba60                zfree
                0x0063b888                zunzip
                0x0063ba68                zalloc
 .text          0x0063ba78      0x5a8 lib_generic/libgeneric.a(lmb.o)
                0x0063bdec                lmb_overlaps_region
                0x0063bcec                lmb_add
                0x0063ba78                lmb_dump_all
                0x0063bcf0                lmb_free
                0x0063bfdc                lmb_alloc_base
                0x0063c018                lmb_alloc
                0x0063be50                __lmb_alloc_base
                0x0063badc                lmb_init
                0x0063bf80                lmb_is_reserved
                0x0063bde4                lmb_reserve
 .text          0x0063c020      0x57c lib_generic/libgeneric.a(string.o)
                0x0063c020                strcpy
                0x0063c494                memscan
                0x0063c3fc                memmove
                0x0063c3dc                memcpy
                0x0063c348                strswab
                0x0063c1d4                strnlen
                0x0063c194                strrchr
                0x0063c060                strcat
                0x0063c528                memchr
                0x0063c4b8                strstr
                0x0063c104                strncmp
                0x0063c038                strncpy
                0x0063c3b0                bcopy
                0x0063c280                strtok
                0x0063c444                memcmp
                0x0063c08c                strncat
                0x0063c558                strdup
                0x0063c394                memset
                0x0063c0d8                strcmp
                0x0063c30c                strsep
                0x0063c1fc                strspn
                0x0063c174                strlen
                0x0063c148                strchr
                0x0063c240                strpbrk
 .text          0x0063c59c      0xf44 lib_generic/libgeneric.a(vsprintf.o)
                0x0063ce44                vsprintf
                0x0063c6e0                ustrtoul
                0x0063c6b0                simple_strtol
                0x0063c974                panic
                0x0063d4b0                sprintf
                0x0063c5e4                simple_strtoul
                0x0063c75c                simple_strtoull
 .text          0x0063d4e0     0x2808 lib_generic/libgeneric.a(zlib.o)
                0x0063e568                inflate
                0x0063d4e0                inflate_fast
                0x0063e150                inflateInit_
                0x0063e1f0                adler32
                0x0063e558                zcfree
                0x0063df9c                inflateReset
                0x0063e560                zcalloc
                0x0063e160                inflateEnd
                0x0063e040                inflateInit2_
                0x0063d9f4                inflate_table
 .text          0x0063fce8      0x1c8 cpu/arm1136/libarm1136.a(cpu.o)
                0x0063fdf4                cleanup_before_linux
                0x0063fd90                dcache_enable
                0x0063fd24                cpu_init
                0x0063fd2c                icache_enable
                0x0063fe90                do_reset
                0x0063fd50                icache_disable
                0x0063fdd8                dcache_status
                0x0063fd74                icache_status
                0x0063fdb4                dcache_disable
 .text          0x0063feb0      0x234 cpu/arm1136/pj4/libpj4.a(timer.o)
                0x0063feb0                set_timer
                0x0064002c                reset_timer
                0x0063fec0                get_tbclk
                0x0063ffac                get_timer
                0x0063ffe4                reset_timer_masked
                0x00640030                timer_init
                0x0063fec8                get_timer_masked
                0x00640068                udelay
                0x0063ff5c                udelay_masked
                0x0063ffc8                get_ticks
 .text          0x006400e4      0x280 lib_arm/libarm.a(bootm.o)
                0x006400e4                do_bootm_linux
 .text          0x00640364        0x4 lib_arm/libarm.a(cache.o)
                0x00640364                flush_cache
 .text          0x00640368     0x13dc fs/fat/libfat.a(fat.o)
                0x006415f0                file_fat_read
                0x00640c14                do_fat_read
                0x00641630                file_fat_ls
                0x00640aac                file_fat_detectfs
                0x00640390                disk_read
                0x00641640                fat_register_device
 .text          0x00641744     0x1930 fs/jffs2/libjffs2.a(jffs2_1pass.o)
                0x00642448                jffs2_1pass_load
                0x00642058                jffs2_1pass_info
                0x00642a10                jffs2_1pass_ls
                0x006418b0                jffs2_1pass_rescan_needed
                0x00641748                mkmodestr
                0x00641a30                jffs2_free_cache
 .text          0x00643074       0xec fs/jffs2/libjffs2.a(compr_rtime.o)
                0x00643074                rtime_decompress
 .text          0x00643160      0x150 fs/jffs2/libjffs2.a(compr_rubin.o)
                0x00643260                dynrubin_decompress
                0x00643160                rubin_do_decompress
 .text          0x006432b0       0x18 fs/jffs2/libjffs2.a(compr_zlib.o)
                0x006432b0                zlib_decompress
 .text          0x006432c8      0x954 fs/jffs2/libjffs2.a(mini_inflate.o)
                0x00643680                decompress_block
                0x006432f8                pull_bits
                0x00643354                pull_bit
                0x006432c8                cramfs_memset
 .text          0x00643c1c      0xe7c fs/ext2/libext2fs.a(ext2fs.o)
                0x00643ea8                ext2fs_read_file
                0x00643df4                ext2fs_close
                0x00643d18                ext2fs_mount
                0x00644a14                ext2fs_ls
                0x006448e8                ext2fs_find_file
                0x00644974                ext2fs_open
                0x00643dd4                ext2fs_free_node
                0x006443b0                ext2fs_read
                0x00644640                ext2fs_find_file1
 .text          0x00644a98      0x230 fs/ext2/libext2fs.a(dev.o)
                0x00644c74                ext2fs_set_blk_dev
                0x00644a98                ext2fs_devread
 .text          0x00644cc8      0xf7c fs/ubifs/libubifs.a(ubifs.o)
                0x00645194                ubifs_ls
                0x006457a4                ubifs_decompress
                0x0064588c                ubifs_load
                0x00644d70                ubifs_compressors_init
 .text          0x00645c44     0x163c fs/ubifs/libubifs.a(super.o)
                0x00645e40                iget_locked
                0x00645f08                ubifs_iget
                0x00645e8c                iput
                0x006471ac                ubifs_mount
                0x00645e0c                ubifs_iput
                0x00646428                sget
                0x00645e88                ubifs_init
 .text          0x00647280      0x928 fs/ubifs/libubifs.a(sb.o)
                0x00647398                ubifs_read_superblock
                0x00647314                ubifs_read_sb_node
 .text          0x00647ba8      0xe28 fs/ubifs/libubifs.a(master.o)
                0x00647bbc                ubifs_read_master
 .text          0x006489d0     0x1598 fs/ubifs/libubifs.a(lpt.o)
                0x00649470                ubifs_get_pnode
                0x00649a80                ubifs_lpt_lookup
                0x00649430                ubifs_get_nnode
                0x00648a64                ubifs_unpack_bits
                0x00649b40                ubifs_calc_lpt_geom
                0x00648be8                ubifs_add_nnode_dirt
                0x00649850                ubifs_lpt_lookup_dirty
                0x00649204                ubifs_read_nnode
                0x00648bb0                ubifs_add_lpt_dirt
                0x00648df4                ubifs_lpt_init
                0x00648ff8                ubifs_unpack_nnode
 .text          0x00649f68      0x1f0 fs/ubifs/libubifs.a(lpt_commit.o)
                0x00649f68                ubifs_lpt_free
 .text          0x0064a158      0x5a0 fs/ubifs/libubifs.a(scan.o)
                0x0064a2e8                ubifs_start_scan
                0x0064a178                ubifs_scan_destroy
                0x0064a3c8                ubifs_scan_a_node
                0x0064a15c                ubifs_end_scan
                0x0064a204                ubifs_add_snod
                0x0064a1cc                ubifs_scanned_corruption
                0x0064a538                ubifs_scan
 .text          0x0064a6f8      0xbf4 fs/ubifs/libubifs.a(lprops.o)
                0x0064adc4                ubifs_fast_find_freeable
                0x0064a9c0                ubifs_add_to_cat
                0x0064ac78                ubifs_categorize_lprops
                0x0064b21c                ubifs_update_one_lp
                0x0064ad0c                ubifs_ensure_cat
                0x0064ad7c                ubifs_fast_find_free
                0x0064ac14                ubifs_replace_cat
                0x0064b2a4                ubifs_read_one_lp
                0x0064adf0                ubifs_fast_find_frdi_idx
                0x0064ae38                ubifs_change_lp
                0x0064b188                ubifs_change_one_lp
                0x0064ae20                ubifs_get_lp_stats
                0x0064ad94                ubifs_fast_find_empty
 .text          0x0064b2ec     0x2eec fs/ubifs/libubifs.a(tnc.o)
                0x0064dc28                ubifs_tnc_add
                0x0064d324                ubifs_tnc_remove_nm
                0x0064da40                ubifs_tnc_add_nm
                0x0064ce84                ubifs_tnc_lookup_nm
                0x0064d414                ubifs_tnc_remove_ino
                0x0064bc3c                insert_old_idx_znode
                0x0064dcfc                ubifs_tnc_bulk_read
                0x0064c430                ubifs_tnc_replace
                0x0064c6f8                ubifs_lookup_level0
                0x0064c898                ubifs_tnc_next_ent
                0x0064df3c                ubifs_tnc_get_bu_keys
                0x0064c3e4                ubifs_tnc_remove
                0x0064b614                destroy_old_idx
                0x0064cd58                ubifs_tnc_locate
                0x0064c9d4                ubifs_tnc_remove_range
 .text          0x0064e1d8      0x6a0 fs/ubifs/libubifs.a(tnc_misc.o)
                0x0064e700                ubifs_tnc_postorder_first
                0x0064e780                ubifs_tnc_levelorder_next
                0x0064e744                ubifs_tnc_postorder_next
                0x0064e3ac                ubifs_load_znode
                0x0064e300                ubifs_tnc_read_node
                0x0064e278                ubifs_search_zbranch
 .text          0x0064e878       0x3c fs/ubifs/libubifs.a(crc16.o)
                0x0064e878                crc16
 .text          0x0064e8b4      0x128 fs/ubifs/libubifs.a(budget.o)
                0x0064e910                ubifs_reported_space
                0x0064e96c                ubifs_calc_min_idx_lebs
 .text          0x0064e9dc      0x544 fs/ubifs/libubifs.a(orphan.o)
                0x0064e9ec                ubifs_clear_orphans
                0x0064ea88                ubifs_mount_orphans
 .text          0x0064ef20     0x15d4 fs/ubifs/libubifs.a(recovery.o)
                0x00650324                ubifs_recover_master_node
                0x0064f4cc                ubifs_clean_lebs
                0x0064fa84                ubifs_recover_leb
                0x0064f068                ubifs_recover_size
                0x0064f7b0                ubifs_recover_inl_heads
                0x006501b4                ubifs_write_rcvrd_mst_node
                0x0064ff30                ubifs_recover_log_leb
                0x0064f2f0                ubifs_recover_size_accum
 .text          0x006504f4     0x15f8 fs/ubifs/libubifs.a(replay.o)
                0x006506f4                ubifs_validate_entry
                0x00650814                ubifs_replay_journal
 .text          0x00651aec      0x678 fs/ubifs/libubifs.a(io.o)
                0x00651d18                ubifs_read_node
                0x00651e64                ubifs_pad
                0x00651b34                ubifs_check_node
                0x00651aec                ubifs_ro_mode
                0x00651f64                ubifs_prepare_node
 .text          0x00652164       0xfc fs/ubifs/libubifs.a(log.o)
                0x00652164                ubifs_search_bud
                0x00652198                ubifs_add_bud
 .text          0x00652260      0x454 disk/libdisk.a(part.o)
                0x00652390                dev_print
                0x00652320                print_part
                0x00652648                get_dev
                0x006525c8                get_partition_info
                0x0065260c                init_part
 .text          0x006526b4      0x5c8 disk/libdisk.a(part_dos.o)
                0x00652a5c                get_partition_info_dos
                0x00652c48                print_part_dos
                0x006526fc                test_part_dos
 .text          0x00652c7c      0x514 disk/libdisk.a(part_iso.o)
                0x00653188                get_partition_info_iso
                0x006530e8                print_part_iso
                0x006530c0                test_part_iso
                0x00652ca4                get_partition_info_iso_verb
 .text          0x00653190      0x1ec drivers/mtd/libmtd.a(mtdcore.o)
                0x00653234                del_mtd_device
                0x00653304                get_mtd_device_nm
                0x00653194                get_mtd_device
                0x00653208                put_mtd_device
                0x0065328c                add_mtd_device
 .text          0x0065337c     0x11d4 drivers/mtd/libmtd.a(mtdpart.o)
                0x00653ce4                del_mtd_partitions
                0x00653d74                add_mtd_partitions
                0x006537c0                mtd_erase_callback
 .text          0x00654550      0xd54 drivers/mtd/ubi/libubi.a(build.o)
                0x0065493c                ubi_exit
                0x00654584                ubi_put_device
                0x00654594                ubi_get_by_major
                0x0065462c                ubi_mtd_param_parse
                0x00655124                ubi_init
                0x0065486c                ubi_detach_mtd_dev
                0x00654564                ubi_get_device
                0x00654984                ubi_attach_mtd_dev
                0x006545e4                ubi_major2num
 .text          0x006552a4     0x10b0 drivers/mtd/ubi/libubi.a(vtbl.o)
                0x006559ac                ubi_read_volume_table
                0x00656268                ubi_change_vtbl_record
 .text          0x00656354      0x98c drivers/mtd/ubi/libubi.a(vmt.o)
                0x006567d4                ubi_create_volume
                0x00656388                ubi_add_volume
                0x006563ec                ubi_resize_volume
                0x00656374                ubi_free_volume
                0x00656690                ubi_remove_volume
 .text          0x00656ce0      0x87c drivers/mtd/ubi/libubi.a(upd.o)
                0x00656cf8                ubi_more_leb_change_data
                0x006573cc                ubi_start_update
                0x00657024                ubi_more_update_data
                0x006572d4                ubi_start_leb_change
 .text          0x0065755c      0x8d4 drivers/mtd/ubi/libubi.a(kapi.o)
                0x006575e8                ubi_is_mapped
                0x00657560                ubi_get_volume_info
                0x00657acc                ubi_close_volume
                0x006577d4                ubi_leb_unmap
                0x00657998                ubi_leb_read
                0x00657830                ubi_leb_erase
                0x00657b34                ubi_get_device_info
                0x006576d4                ubi_leb_write
                0x006578ac                ubi_leb_change
                0x00657d48                ubi_open_volume_nm
                0x0065762c                ubi_leb_map
                0x00657b94                ubi_open_volume
 .text          0x00657e30     0x19f4 drivers/mtd/ubi/libubi.a(eba.o)
                0x00659200                ubi_eba_atomic_leb_change
                0x006587d8                ubi_eba_unmap_leb
                0x00658014                ubi_eba_init_scan
                0x00657f0c                ubi_eba_close
                0x006583ec                ubi_eba_copy_leb
                0x00658880                ubi_eba_write_leb_st
                0x0065959c                ubi_eba_read_leb
                0x00658c1c                ubi_eba_write_leb
 .text          0x00659824      0xe4c drivers/mtd/ubi/libubi.a(io.o)
                0x00659d30                ubi_io_read_vid_hdr
                0x0065a4a4                ubi_io_sync_erase
                0x00659bd0                ubi_io_read
                0x00659974                ubi_io_write
                0x00659908                ubi_io_is_bad
                0x0065a0d4                ubi_io_read_ec_hdr
                0x00659a48                ubi_io_write_vid_hdr
                0x00659878                ubi_io_mark_bad
                0x00659ae8                ubi_io_write_ec_hdr
 .text          0x0065a670     0x1430 drivers/mtd/ubi/libubi.a(wl.o)
                0x0065b654                ubi_wl_get_peb
                0x0065b7d8                ubi_wl_init_scan
                0x0065ae80                ubi_wl_put_peb
                0x0065aa94                ubi_wl_flush
                0x0065ada4                ubi_wl_scrub_peb
                0x0065a818                ubi_wl_close
                0x0065ab18                ubi_thread
 .text          0x0065baa0     0x1574 drivers/mtd/ubi/libubi.a(scan.o)
                0x0065bb54                ubi_scan_find_seb
                0x0065bb20                ubi_scan_find_sv
                0x0065bf5c                ubi_scan_erase_peb
                0x0065c9ac                ubi_scan
                0x0065c120                ubi_scan_rm_volume
                0x0065bb84                ubi_scan_destroy_si
                0x0065c184                ubi_scan_add_used
                0x0065c038                ubi_scan_get_free_peb
 .text          0x0065d014       0xf0 drivers/mtd/ubi/libubi.a(crc32.o)
                0x0065d014                crc32_le
 .text          0x0065d104      0x11c drivers/mtd/ubi/libubi.a(misc.o)
                0x0065d134                ubi_calculate_reserved
                0x0065d164                ubi_check_volume
                0x0065d104                ubi_calc_data_len
 .text          0x0065d220      0x2a8 drivers/mtd/spi/libspi_flash.a(spi_flash.o)
                0x0065d244                spi_flash_cmd_write
                0x0065d2c0                spi_flash_cmd_read
                0x0065d414                spi_flash_probe
                0x0065d33c                spi_flash_read_common
                0x0065d220                spi_flash_free
                0x0065d398                spi_flash_cmd
 .text          0x0065d4c8      0x518 drivers/mtd/spi/libspi_flash.a(macronix.o)
                0x0065d8b4                macronix_erase
                0x0065d80c                macronix_protect
                0x0065d4c8                spi_flash_probe_macronix
 .text          0x0065d9e0      0x514 drivers/mtd/spi/libspi_flash.a(stmicro.o)
                0x0065ddc8                stmicro_erase
                0x0065d9e0                spi_flash_probe_stmicro
 .text          0x0065def4     0x3f20 drivers/net/libnet.a(e1000.o)
                0x0065df64                e1000_set_mac_type
                0x00661598                fill_rx
                0x0065e524                e1000_get_bus_type
                0x0066106c                e1000_reset_hw
                0x0065e318                e1000_check_mng_mode
                0x0066118c                e1000_initialize
 .text          0x00661e14      0x2d0 drivers/net/sk98lin/libsk98lin.a(uboot_drv.o)
                0x00661e14                skge_initialize
 .text          0x006620e4      0x17c drivers/net/sk98lin/libsk98lin.a(uboot_skb.o)
                0x006620f4                skb_put
                0x006620e4                skb_reserve
                0x00662104                dev_kfree_skb_any
                0x00662170                alloc_skb
 .text          0x00662260     0x1de4 drivers/net/sk98lin/libsk98lin.a(sky2.o)
                0x00662efc                SkY2PortStop
                0x00663cb4                SkY2AllocateResources
                0x00662618                FillReceiveTableYukon2
                0x00663c5c                SkY2RestartStatusUnit
                0x00662a8c                SkY2AllocateRxBuffers
                0x00663c04                SkY2FreeResources
                0x00662e20                SkY2FreeRxBuffers
                0x00662510                SkY2Xmit
                0x00662a90                SkY2PortStart
                0x00662260                SkY2RlmtSend
                0x00662fa4                SkY2Isr
                0x00662d3c                SkY2FreeTxBuffers
 .text          0x00664044     0x3e90 drivers/net/sk98lin/libsk98lin.a(skge.o)
                0x00664274                SkDrvEnterDiagMode
                0x006647e4                SkPciReadCfgWord
                0x00665cc0                SkGeOpen
                0x00664864                SkDrvAllocRlmtMbuf
                0x006644b0                SkDrvFreeRlmtMbuf
                0x00664778                SkPciWriteCfgWord
                0x00664754                SkPciWriteCfgByte
                0x006647c0                SkPciReadCfgByte
                0x0066479c                SkPciWriteCfgDWord
                0x006658e0                SkGeClose
                0x0066444c                SkLocalEventQueue
                0x0066482c                SkOsGetTime